2026-03-27 09:59:13 [INFO] Experiment settings saved to: c:\Users\CV166\Documents\LabWindowsCVI\BatteryApplication\battery-tester\data\BT32_baseline_20260327_095913\experiment_settings.ini
2026-03-27 09:59:13 [INFO] Initializing relay states...
2026-03-27 09:59:13 [INFO] EIS target SOC points initialized:
2026-03-27 09:59:13 [INFO]   0.0%
2026-03-27 09:59:13 [INFO]   10.0%
2026-03-27 09:59:13 [INFO]   20.0%
2026-03-27 09:59:13 [INFO]   30.0%
2026-03-27 09:59:13 [INFO]   40.0%
2026-03-27 09:59:13 [INFO]   50.0%
2026-03-27 09:59:13 [INFO]   60.0%
2026-03-27 09:59:13 [INFO]   70.0%
2026-03-27 09:59:13 [INFO]   80.0%
2026-03-27 09:59:13 [INFO]   90.0%
2026-03-27 09:59:13 [INFO]   100.0%
2026-03-27 09:59:13 [INFO] === PHASE 1: Initial Discharge and Temperature Setup ===
2026-03-27 09:59:13 [INFO] Setting up temperature control - target: 30.0 ï¿½C
2026-03-27 09:59:13 [INFO] [DTB] Setting setpoint to 30.0°C for all 2 DTB devices...
2026-03-27 09:59:13 [INFO] [DTB] Setting setpoint: 30.0°C
2026-03-27 09:59:14 [INFO] [DTB] Setting setpoint: 30.0°C
2026-03-27 09:59:14 [INFO] [DTB] Successfully set setpoint for all DTB devices
2026-03-27 09:59:14 [INFO] [DTB] Setting run/stop to RUN for all 2 DTB devices...
2026-03-27 09:59:14 [INFO] [DTB] Setting Run/Stop: RUN
2026-03-27 09:59:15 [INFO] [DTB] Setting Run/Stop: RUN
2026-03-27 09:59:15 [INFO] [DTB] Successfully set run/stop for all DTB devices
2026-03-27 09:59:15 [INFO] DTB temperature controller started
2026-03-27 09:59:15 [INFO] Switching to PSB...
2026-03-27 09:59:15 [INFO] [PSB] Setting output: OFF
2026-03-27 09:59:16 [INFO] [PSB] Setting output: ON
2026-03-27 09:59:16 [INFO] Successfully switched to PSB (output enabled)
2026-03-27 09:59:16 [INFO] Discharging battery to 2.70 V
2026-03-27 09:59:17 [INFO] Battery voltage: 3.603 V, Target: 2.700 V - Will DISCHARGE
2026-03-27 09:59:17 [INFO] Configuring PSB with current=5.000A, voltage=2.700V
2026-03-27 09:59:17 [INFO] [PSB] Setting current: 5.00A
2026-03-27 09:59:17 [INFO] [PSB] Setting sink current: 5.00A
2026-03-27 09:59:17 [INFO] [PSB] Setting voltage: 2.70V
2026-03-27 09:59:18 [INFO] DIAGNOSTIC: After setting voltage to 2.700V:
2026-03-27 09:59:18 [INFO]   PSB Mode: CC (SOURCE mode)
2026-03-27 09:59:18 [INFO]   Device State (raw): 0x00004C83
2026-03-27 09:59:18 [INFO]   Control Location: 3
2026-03-27 09:59:18 [INFO]   Remote Mode: ON
2026-03-27 09:59:18 [WARN] PROBLEM DETECTED: PSB is not in CV mode after writing voltage setpoint!
2026-03-27 09:59:18 [WARN]   Expected: CV mode (0), Actual: CC mode (2)
2026-03-27 09:59:18 [INFO] [PSB] Setting output: ON
2026-03-27 09:59:18 [INFO] Waiting for output to stabilize...
2026-03-27 09:59:20 [INFO] ==========================================================
2026-03-27 09:59:20 [INFO] CRITICAL DIAGNOSTIC: After output enable + stabilization:
2026-03-27 09:59:20 [INFO] ==========================================================
2026-03-27 09:59:20 [INFO]   PSB Mode: CC (SOURCE mode)
2026-03-27 09:59:20 [INFO]   Voltage: 3.603 V (target: 2.700 V)
2026-03-27 09:59:20 [INFO]   Current: 0.000 A
2026-03-27 09:59:20 [INFO]   Power: 0.00 W
2026-03-27 09:59:20 [INFO]   Device State (raw): 0x00004C83
2026-03-27 09:59:20 [INFO]   Output Enabled: YES
2026-03-27 09:59:20 [INFO] ==========================================================
2026-03-27 09:59:20 [ERROR] MODE SWITCHING DETECTED AFTER OUTPUT ENABLE!
2026-03-27 09:59:20 [ERROR]   Expected: CV mode, Actual: CC SOURCE mode
2026-03-27 09:59:20 [ERROR]   This is the root cause of the discharge failure!
2026-03-27 09:59:20 [INFO] Discharging...
2026-03-27 10:05:22 [INFO] User requested to stop baseline experiment
2026-03-27 10:05:28 [INFO] Battery_GoToVoltage operation cancelled by user
2026-03-27 10:05:28 [INFO] [PSB] Setting output: OFF
2026-03-27 10:05:28 [INFO] Discharge complete: 0.00 mAh, 0.00 Wh in 6.1 minutes
2026-03-27 10:05:28 [INFO] Cleaning up baseline experiment...
2026-03-27 10:05:28 [INFO] Safely disconnecting all devices...
2026-03-27 10:05:29 [INFO] [PSB] Setting output: OFF
2026-03-27 10:05:29 [INFO] [DTB] Setting run/stop to STOP for all 2 DTB devices...
2026-03-27 10:05:29 [INFO] [DTB] Setting Run/Stop: STOP
2026-03-27 10:05:30 [INFO] [DTB] Setting Run/Stop: STOP
2026-03-27 10:05:30 [INFO] [DTB] Successfully set run/stop for all DTB devices
2026-03-27 10:05:30 [INFO] Device disconnect completed
